// Jest Snapshot v1, https://goo.gl/fbAQLP

exports[`To Match the Snapshot 1`] = `
<label>
  My React App
</label>
`;
